// Jest Snapshot v1, https://goo.gl/fbAQLP

exports[`Renders correctly 1`] = `
<div
  className="table-wrap"
>
  <p>
    Your transactions for the last 30 days
  </p>
  <div
    className="transactions-table"
  >
    <div
      className="transaction-date-wrap"
    >
      <div
        className="transaction-date"
      >
        Today
      </div>
      <div
        className="transaction"
      >
        <span>
          PAYPAL ZARA
        </span>
        <span>
          - Â£35.98
        </span>
      </div>
    </div>
  </div>
</div>
`;
