// Jest Snapshot v1, https://goo.gl/fbAQLP

exports[`Renders correctly 1`] = `
<li
  className="bank-item "
  onClick={[Function]}
>
  <img
    alt="Barclays"
    className="bank-image"
    src="test-file-stub"
  />
</li>
`;
