// Jest Snapshot v1, https://goo.gl/fbAQLP

exports[`Renders correctly 1`] = `
<ul
  className="bank-list"
>
  <li
    className="bank-item "
    onClick={[Function]}
  >
    <img
      alt="Barclays"
      className="bank-image"
      src="test-file-stub"
    />
  </li>
  <li
    className="bank-item "
    onClick={[Function]}
  >
    <img
      alt="Natwest"
      className="bank-image"
      src="test-file-stub"
    />
  </li>
  <li
    className="bank-item "
    onClick={[Function]}
  >
    <img
      alt="Lloyds"
      className="bank-image"
      src="test-file-stub"
    />
  </li>
  <li
    className="bank-item "
    onClick={[Function]}
  >
    <img
      alt="HSBC"
      className="bank-image"
      src="test-file-stub"
    />
  </li>
  <li
    className="bank-item "
    onClick={[Function]}
  >
    <img
      alt="TSB"
      className="bank-image"
      src="test-file-stub"
    />
  </li>
  <li
    className="bank-item "
    onClick={[Function]}
  >
    <img
      alt="Santander"
      className="bank-image"
      src="test-file-stub"
    />
  </li>
</ul>
`;
