// Jest Snapshot v1, https://goo.gl/fbAQLP

exports[`Renders correctly 1`] = `
<a
  className="button"
  onClick={[Function]}
  style={Object {}}
/>
`;
